// Vitest Snapshot v1, https://vitest.dev/guide/snapshot.html

exports[`Company Forgot Password Page > renders correctly 1`] = `
{
  "asFragment": [Function],
  "baseElement": <body>
    <div>
      <div
        class="flex justify-center items-center  bg-[#f5f5f5] min-h-screen"
      >
        <div
          class="p-10 bg-white flex justify-center items-center w-[700px] h-[500px] rounded-2xl"
        >
          <form
            class="text-[#333] w-[560px]"
          >
            <header>
              <p
                class="text-center mb-11 font-medium text-[28px]"
              >
                Forgot Password
              </p>
            </header>
            <div
              class="space-y-6"
            >
              <div
                class=""
              >
                <label
                  class="text-lg text-[#333] leading-[24px] mb-2 block"
                  for="email"
                >
                  Email
                   
                </label>
                <input
                  class="block text-lg font-sora w-full px-3 py-[16px] h-[72px] border border-[#424242] rounded-lg outline-none focus:border-black"
                  id="email"
                  name="email"
                  placeholder="johndoe@gmail.com"
                />
                <p
                  class="text-sm text-[#333]"
                />
              </div>
              <div>
                <p
                  class="mb-2"
                >
                  Already have an account?
                   
                  <a
                    class="text-primary"
                    href="/company/login"
                  >
                    Log In
                  </a>
                </p>
                <button
                  class="w-full font-medium text-xl leading-[24px] bg-primary h-[72px] text-white rounded-2xl"
                >
                  Reset Password
                </button>
              </div>
            </div>
          </form>
        </div>
      </div>
    </div>
  </body>,
  "container": <div>
    <div
      class="flex justify-center items-center  bg-[#f5f5f5] min-h-screen"
    >
      <div
        class="p-10 bg-white flex justify-center items-center w-[700px] h-[500px] rounded-2xl"
      >
        <form
          class="text-[#333] w-[560px]"
        >
          <header>
            <p
              class="text-center mb-11 font-medium text-[28px]"
            >
              Forgot Password
            </p>
          </header>
          <div
            class="space-y-6"
          >
            <div
              class=""
            >
              <label
                class="text-lg text-[#333] leading-[24px] mb-2 block"
                for="email"
              >
                Email
                 
              </label>
              <input
                class="block text-lg font-sora w-full px-3 py-[16px] h-[72px] border border-[#424242] rounded-lg outline-none focus:border-black"
                id="email"
                name="email"
                placeholder="johndoe@gmail.com"
              />
              <p
                class="text-sm text-[#333]"
              />
            </div>
            <div>
              <p
                class="mb-2"
              >
                Already have an account?
                 
                <a
                  class="text-primary"
                  href="/company/login"
                >
                  Log In
                </a>
              </p>
              <button
                class="w-full font-medium text-xl leading-[24px] bg-primary h-[72px] text-white rounded-2xl"
              >
                Reset Password
              </button>
            </div>
          </div>
        </form>
      </div>
    </div>
  </div>,
  "debug": [Function],
  "findAllByAltText": [Function],
  "findAllByDisplayValue": [Function],
  "findAllByLabelText": [Function],
  "findAllByPlaceholderText": [Function],
  "findAllByRole": [Function],
  "findAllByTestId": [Function],
  "findAllByText": [Function],
  "findAllByTitle": [Function],
  "findByAltText": [Function],
  "findByDisplayValue": [Function],
  "findByLabelText": [Function],
  "findByPlaceholderText": [Function],
  "findByRole": [Function],
  "findByTestId": [Function],
  "findByText": [Function],
  "findByTitle": [Function],
  "getAllByAltText": [Function],
  "getAllByDisplayValue": [Function],
  "getAllByLabelText": [Function],
  "getAllByPlaceholderText": [Function],
  "getAllByRole": [Function],
  "getAllByTestId": [Function],
  "getAllByText": [Function],
  "getAllByTitle": [Function],
  "getByAltText": [Function],
  "getByDisplayValue": [Function],
  "getByLabelText": [Function],
  "getByPlaceholderText": [Function],
  "getByRole": [Function],
  "getByTestId": [Function],
  "getByText": [Function],
  "getByTitle": [Function],
  "queryAllByAltText": [Function],
  "queryAllByDisplayValue": [Function],
  "queryAllByLabelText": [Function],
  "queryAllByPlaceholderText": [Function],
  "queryAllByRole": [Function],
  "queryAllByTestId": [Function],
  "queryAllByText": [Function],
  "queryAllByTitle": [Function],
  "queryByAltText": [Function],
  "queryByDisplayValue": [Function],
  "queryByLabelText": [Function],
  "queryByPlaceholderText": [Function],
  "queryByRole": [Function],
  "queryByTestId": [Function],
  "queryByText": [Function],
  "queryByTitle": [Function],
  "rerender": [Function],
  "unmount": [Function],
}
`;
