// Vitest Snapshot v1, https://vitest.dev/guide/snapshot.html

exports[`Selector > renders correctly 1`] = `
{
  "asFragment": [Function],
  "baseElement": <body>
    <div>
      <div
        class="relative w-full"
      >
        <button
          class="px-4 py-2 text-[#333333] rounded-md border font-semibold w-full"
        >
          <div
            class="space-x-2 flex flex-row items-center justify-between"
          >
            <span
              class="text-base"
              title="selectBtn"
            >
              Hello
            </span>
            <svg
              fill="currentColor"
              height="1em"
              stroke="currentColor"
              stroke-width="0"
              viewBox="0 0 24 24"
              width="1em"
              xmlns="http://www.w3.org/2000/svg"
            >
              <path
                d="M16.293 9.293 12 13.586 7.707 9.293l-1.414 1.414L12 16.414l5.707-5.707z"
              />
            </svg>
          </div>
        </button>
        <div
          class="absolute z-20 w-full top-[45px] left-0 bg-white border rounded-lg border-[#e5e5e5] max-h-0 transition-all duration-300 overflow-hidden opacity-0"
        >
          <button
            class="w-full font-inter py-4 font-semibold"
          >
            Hello
          </button>
          <hr />
          <button
            class="w-full font-inter py-4 font-semibold"
          >
            World
          </button>
          <hr />
          <button
            class="w-full font-inter py-4 font-semibold"
          >
            Foo
          </button>
          <hr />
        </div>
      </div>
    </div>
  </body>,
  "container": <div>
    <div
      class="relative w-full"
    >
      <button
        class="px-4 py-2 text-[#333333] rounded-md border font-semibold w-full"
      >
        <div
          class="space-x-2 flex flex-row items-center justify-between"
        >
          <span
            class="text-base"
            title="selectBtn"
          >
            Hello
          </span>
          <svg
            fill="currentColor"
            height="1em"
            stroke="currentColor"
            stroke-width="0"
            viewBox="0 0 24 24"
            width="1em"
            xmlns="http://www.w3.org/2000/svg"
          >
            <path
              d="M16.293 9.293 12 13.586 7.707 9.293l-1.414 1.414L12 16.414l5.707-5.707z"
            />
          </svg>
        </div>
      </button>
      <div
        class="absolute z-20 w-full top-[45px] left-0 bg-white border rounded-lg border-[#e5e5e5] max-h-0 transition-all duration-300 overflow-hidden opacity-0"
      >
        <button
          class="w-full font-inter py-4 font-semibold"
        >
          Hello
        </button>
        <hr />
        <button
          class="w-full font-inter py-4 font-semibold"
        >
          World
        </button>
        <hr />
        <button
          class="w-full font-inter py-4 font-semibold"
        >
          Foo
        </button>
        <hr />
      </div>
    </div>
  </div>,
  "debug": [Function],
  "findAllByAltText": [Function],
  "findAllByDisplayValue": [Function],
  "findAllByLabelText": [Function],
  "findAllByPlaceholderText": [Function],
  "findAllByRole": [Function],
  "findAllByTestId": [Function],
  "findAllByText": [Function],
  "findAllByTitle": [Function],
  "findByAltText": [Function],
  "findByDisplayValue": [Function],
  "findByLabelText": [Function],
  "findByPlaceholderText": [Function],
  "findByRole": [Function],
  "findByTestId": [Function],
  "findByText": [Function],
  "findByTitle": [Function],
  "getAllByAltText": [Function],
  "getAllByDisplayValue": [Function],
  "getAllByLabelText": [Function],
  "getAllByPlaceholderText": [Function],
  "getAllByRole": [Function],
  "getAllByTestId": [Function],
  "getAllByText": [Function],
  "getAllByTitle": [Function],
  "getByAltText": [Function],
  "getByDisplayValue": [Function],
  "getByLabelText": [Function],
  "getByPlaceholderText": [Function],
  "getByRole": [Function],
  "getByTestId": [Function],
  "getByText": [Function],
  "getByTitle": [Function],
  "queryAllByAltText": [Function],
  "queryAllByDisplayValue": [Function],
  "queryAllByLabelText": [Function],
  "queryAllByPlaceholderText": [Function],
  "queryAllByRole": [Function],
  "queryAllByTestId": [Function],
  "queryAllByText": [Function],
  "queryAllByTitle": [Function],
  "queryByAltText": [Function],
  "queryByDisplayValue": [Function],
  "queryByLabelText": [Function],
  "queryByPlaceholderText": [Function],
  "queryByRole": [Function],
  "queryByTestId": [Function],
  "queryByText": [Function],
  "queryByTitle": [Function],
  "rerender": [Function],
  "unmount": [Function],
}
`;
